
Allocating common symbols
Common symbol       size              file

netbufpool          0x4               binaries/net.o
readylist           0x2               binaries/ready.o
rfltab              0x5a0             binaries/rflinit.o
sleepq              0x2               binaries/clkinit.o
nnames              0x4               binaries/naminit.o
udptab              0x168             binaries/udp.o
minheap             0x4               binaries/meminit.o
marks               0x50              binaries/mark.o
currpid             0x4               binaries/initialize.o
Lf_data             0x20c             binaries/lfsinit.o
porttab             0x2d0             binaries/ptinit.o
girmask             0x2               binaries/evec.o
ttytab              0x10c             binaries/ttyinit.o
proctab             0x15e0            binaries/initialize.o
prcount             0x4               binaries/initialize.o
lfltab              0xf00             binaries/lflinit.o
rdstab              0x8c              binaries/rdsinit.o
ethertab            0x138             binaries/ethinit.o
NetData             0xa8              binaries/net.o
nmarks              0x4               binaries/mark.o
Defer               0x8               binaries/resched.o
semtab              0x4b0             binaries/initialize.o
maxheap             0x4               binaries/meminit.o
preempt             0x4               binaries/clkinit.o
buftab              0xf0              binaries/bufinit.o
Rf_data             0x18              binaries/rfsinit.o
mkmutex             0x4               binaries/mark.o
clktime             0x4               binaries/clkinit.o
arpcache            0x140             binaries/arp.o
icmptab             0x230             binaries/icmp.o
nbpools             0x4               binaries/bufinit.o
queuetab            0x980             binaries/queue.o
ptnextid            0x4               binaries/ptinit.o
Ram                 0x19000           binaries/raminit.o
ipoqueue            0x2c              binaries/ip.o
memlist             0x8               binaries/initialize.o
nametab             0x19a0            binaries/naminit.o
ptfree              0x4               binaries/ptinit.o

Memory Configuration

Name             Origin             Length             Attributes
*default*        0x0000000000000000 0xffffffffffffffff

Linker script and memory map

                0x0000000000100000                physbase = 0x100000
                0x0000000000100000                . = physbase
                0x0000000000100000                . = ALIGN (0x1000)

.text           0x0000000000100000    0x14000
                0x0000000000100000                text = ABSOLUTE (.)
 *(.text .text.*)
 .text          0x0000000000100000      0x1ac binaries/start.o
                0x0000000000100028                start
                0x00000000001000fa                inb
                0x0000000000100102                inw
                0x000000000010010b                inl
                0x0000000000100113                outb
                0x000000000010011d                outw
                0x0000000000100128                outl
                0x0000000000100132                _rtcin
                0x000000000010013d                ___udivsi3
                0x0000000000100148                ___divsi3
                0x0000000000100154                sbzero
                0x0000000000100164                bcopy
                0x0000000000100178                insw
                0x000000000010018e                outsw
                0x00000000001001a4                lidt
 .text          0x00000000001001ac      0x2f6 binaries/ascdate.o
                0x00000000001001ac                ascdate
 .text          0x00000000001004a2       0x10 binaries/bufinit.o
                0x00000000001004a2                bufinit
 .text          0x00000000001004b2       0x6a binaries/chprio.o
                0x00000000001004b2                chprio
 .text          0x000000000010051c       0x73 binaries/clkhandler.o
                0x000000000010051c                clkhandler
 .text          0x000000000010058f       0x76 binaries/clkinit.o
                0x000000000010058f                clkinit
 .text          0x0000000000100605       0x4e binaries/close.o
                0x0000000000100605                close
 .text          0x0000000000100653        0x0 binaries/conf.o
 .text          0x0000000000100653       0x66 binaries/control.o
                0x0000000000100653                control
 .text          0x00000000001006b9      0x1ff binaries/create.o
                0x00000000001006b9                create
 .text          0x00000000001008b8      0x2b9 binaries/early_imr.o
                0x00000000001008b8                intel_cln_early_sb_read_reg
                0x000000000010091f                intel_cln_early_sb_write_reg
                0x0000000000100a2f                remove_irm_protections
 .text          0x0000000000100b71      0x376 binaries/evec.o
                0x0000000000100b71                setirmask
                0x0000000000100baf                set_evec
                0x0000000000100c0c                initevec
                0x0000000000100d1c                trap
 .text          0x0000000000100ee7       0x67 binaries/freebuf.o
                0x0000000000100ee7                freebuf
 .text          0x0000000000100f4e       0xeb binaries/freemem.o
                0x0000000000100f4e                freemem
 .text          0x0000000000101039       0x64 binaries/getbuf.o
                0x0000000000101039                getbuf
 .text          0x000000000010109d       0x4e binaries/getc.o
                0x000000000010109d                getc
 .text          0x00000000001010eb       0x60 binaries/getdev.o
                0x00000000001010eb                getdev
 .text          0x000000000010114b       0x83 binaries/getitem.o
                0x000000000010114b                getitem
                0x0000000000101177                getfirst
                0x00000000001011a0                getlast
 .text          0x00000000001011ce       0xb2 binaries/getmem.o
                0x00000000001011ce                getmem
 .text          0x0000000000101280        0x6 binaries/getpid.o
                0x0000000000101280                getpid
 .text          0x0000000000101286       0x5c binaries/getprio.o
                0x0000000000101286                getprio
 .text          0x00000000001012e2       0x9a binaries/getstk.o
                0x00000000001012e2                getstk
 .text          0x000000000010137c       0x34 binaries/gettime.o
                0x000000000010137c                gettime
 .text          0x00000000001013b0      0x1b8 binaries/getutime.o
                0x00000000001013b0                getutime
 .text          0x0000000000101568       0x4e binaries/init.o
                0x0000000000101568                init
 .text          0x00000000001015b6      0x25c binaries/initialize.o
                0x00000000001015b6                nulluser
                0x00000000001017ca                stop
                0x00000000001017ef                delay
 .text          0x0000000000101812       0xa0 binaries/insert.o
                0x0000000000101812                insert
 .text          0x00000000001018b2       0xe9 binaries/insertd.o
                0x00000000001018b2                insertd
 .text          0x000000000010199b        0x6 binaries/ioerr.o
                0x000000000010199b                ioerr
 .text          0x00000000001019a1        0x6 binaries/ionull.o
                0x00000000001019a1                ionull
 .text          0x00000000001019a7      0x13a binaries/kill.o
                0x00000000001019a7                kill
 .text          0x0000000000101ae1       0xb8 binaries/kprintf.o
                0x0000000000101ae1                kputc
                0x0000000000101b10                console_init
                0x0000000000101b4f                kgetc
                0x0000000000101b71                kprintf
 .text          0x0000000000101b99      0x1ca binaries/main.o
                0x0000000000101b99                main
 .text          0x0000000000101d63       0x93 binaries/mark.o
                0x0000000000101d63                markinit
                0x0000000000101d85                mark
 .text          0x0000000000101df6      0x1d1 binaries/meminit.o
                0x0000000000101df6                meminit
                0x0000000000101f50                setsegs
 .text          0x0000000000101fc7      0x117 binaries/mkbufpool.o
                0x0000000000101fc7                mkbufpool
 .text          0x00000000001020de       0x64 binaries/myfuncA.o
                0x00000000001020de                myfuncA
 .text          0x0000000000102142       0x84 binaries/myprogA.o
                0x0000000000102142                myprogA
 .text          0x00000000001021c6       0x5e binaries/newqueue.o
                0x00000000001021c6                newqueue
 .text          0x0000000000102224       0x5e binaries/open.o
                0x0000000000102224                open
 .text          0x0000000000102282       0x1e binaries/panic.o
                0x0000000000102282                panic
 .text          0x00000000001022a0      0x26e binaries/pci.o
                0x00000000001022a0                pci_init
                0x00000000001022a6                find_pci_device
                0x000000000010235c                pci_read_config_byte
                0x0000000000102397                pci_read_config_word
                0x00000000001023d4                pci_read_config_dword
                0x000000000010240f                pci_write_config_byte
                0x0000000000102448                pci_write_config_word
                0x0000000000102482                pci_write_config_dword
                0x00000000001024bb                pci_get_dev_mmio_base_addr
 .text          0x000000000010250e       0x59 binaries/platinit.o
                0x000000000010250e                platinit
 .text          0x0000000000102567      0x143 binaries/printprocstks.o
                0x0000000000102567                printprocstks
 .text          0x00000000001026aa      0x1a3 binaries/printsegaddress.o
                0x00000000001026aa                printsegaddress
 .text          0x000000000010284d       0xa3 binaries/ptclear.o
                0x000000000010284d                _ptclear
 .text          0x00000000001028f0       0x6e binaries/ptcount.o
                0x00000000001028f0                ptcount
 .text          0x000000000010295e       0xc0 binaries/ptcreate.o
                0x000000000010295e                ptcreate
 .text          0x0000000000102a1e       0x66 binaries/ptdelete.o
                0x0000000000102a1e                ptdelete
 .text          0x0000000000102a84       0x89 binaries/ptinit.o
                0x0000000000102a84                ptinit
 .text          0x0000000000102b0d       0xb5 binaries/ptrecv.o
                0x0000000000102b0d                ptrecv
 .text          0x0000000000102bc2       0x60 binaries/ptreset.o
                0x0000000000102bc2                ptreset
 .text          0x0000000000102c22       0xd0 binaries/ptsend.o
                0x0000000000102c22                ptsend
 .text          0x0000000000102cf2       0x5d binaries/putc.o
                0x0000000000102cf2                putc
 .text          0x0000000000102d4f       0xd5 binaries/quark_irq.o
                0x0000000000102d4f                quark_irq_routing
 .text          0x0000000000102e24      0x1c9 binaries/quark_pdat.o
                0x0000000000102e24                get_quark_pdat_entry_data_by_id
                0x0000000000102f05                get_quark_pdat_entry_data_by_desc
 .text          0x0000000000102fed       0xb3 binaries/queue.o
                0x0000000000102fed                enqueue
                0x0000000000103059                dequeue
 .text          0x00000000001030a0       0x5e binaries/read.o
                0x00000000001030a0                read
 .text          0x00000000001030fe       0x6e binaries/ready.o
                0x00000000001030fe                ready
 .text          0x000000000010316c       0x51 binaries/receive.o
                0x000000000010316c                receive
 .text          0x00000000001031bd       0x42 binaries/recvclr.o
                0x00000000001031bd                recvclr
 .text          0x00000000001031ff       0x99 binaries/recvtime.o
                0x00000000001031ff                recvtime
 .text          0x0000000000103298      0x130 binaries/resched.o
                0x0000000000103298                resched
                0x0000000000103355                resched_cntl
 .text          0x00000000001033c8       0x87 binaries/resume.o
                0x00000000001033c8                resume
 .text          0x000000000010344f       0x26 binaries/rogueB.o
                0x000000000010344f                rogueB
 .text          0x0000000000103475       0x6c binaries/rogueB2.o
                0x0000000000103475                roguefuncB
                0x0000000000103495                rogueB2
 .text          0x00000000001034e1       0x56 binaries/seek.o
                0x00000000001034e1                seek
 .text          0x0000000000103537       0x47 binaries/semcount.o
                0x0000000000103537                semcount
 .text          0x000000000010357e       0x8d binaries/semcreate.o
                0x000000000010357e                semcreate
 .text          0x000000000010360b       0xa8 binaries/semdelete.o
                0x000000000010360b                semdelete
 .text          0x00000000001036b3       0x95 binaries/semreset.o
                0x00000000001036b3                semreset
 .text          0x0000000000103748       0xb4 binaries/send.o
                0x0000000000103748                send
 .text          0x00000000001037fc       0x7c binaries/signal.o
                0x00000000001037fc                signal
 .text          0x0000000000103878       0xa8 binaries/signaln.o
                0x0000000000103878                signaln
 .text          0x0000000000103920       0xbc binaries/sleep.o
                0x0000000000103920                sleepms
                0x00000000001039aa                sleep
 .text          0x00000000001039dc       0x31 binaries/somefuncA.o
                0x00000000001039dc                somefuncA
 .text          0x0000000000103a0d       0x31 binaries/somefuncB.o
                0x0000000000103a0d                somefuncB
 .text          0x0000000000103a3e       0x27 binaries/someprogA.o
                0x0000000000103a3e                someprogA
 .text          0x0000000000103a65       0x32 binaries/someprogB.o
                0x0000000000103a65                someprogB
 .text          0x0000000000103a97      0x179 binaries/stacktrace.o
                0x0000000000103a97                stacktrace
 .text          0x0000000000103c10       0xb2 binaries/suspend.o
                0x0000000000103c10                suspend
 .text          0x0000000000103cc2       0xa8 binaries/unsleep.o
                0x0000000000103cc2                unsleep
 .text          0x0000000000103d6a       0x14 binaries/userret.o
                0x0000000000103d6a                userret
 .text          0x0000000000103d7e       0x9f binaries/wait.o
                0x0000000000103d7e                wait
 .text          0x0000000000103e1d       0x71 binaries/wakeup.o
                0x0000000000103e1d                wakeup
 .text          0x0000000000103e8e       0x5e binaries/write.o
                0x0000000000103e8e                write
 .text          0x0000000000103eec       0x18 binaries/xdone.o
                0x0000000000103eec                xdone
 .text          0x0000000000103f04       0x22 binaries/yield.o
                0x0000000000103f04                yield
 .text          0x0000000000103f26        0xe binaries/abs.o
                0x0000000000103f26                abs
 .text          0x0000000000103f34       0x70 binaries/atoi.o
                0x0000000000103f34                atoi
 .text          0x0000000000103fa4       0x70 binaries/atol.o
                0x0000000000103fa4                atol
 .text          0x0000000000104014       0x18 binaries/bzero.o
                0x0000000000104014                bzero
 .text          0x000000000010402c        0x0 binaries/ctype_.o
 .text          0x000000000010402c      0x716 binaries/doprnt.o
                0x000000000010417a                _doprnt
 .text          0x0000000000104742      0x631 binaries/doscan.o
                0x0000000000104742                _doscan
 .text          0x0000000000104d73      0x70a binaries/fdoprnt.o
                0x0000000000104df3                _fdoprnt
 .text          0x000000000010547d       0x1c binaries/fgetc.o
                0x000000000010547d                fgetc
 .text          0x0000000000105499       0x5e binaries/fgets.o
                0x0000000000105499                fgets
 .text          0x00000000001054f7       0x30 binaries/fprintf.o
                0x00000000001054f7                fprintf
 .text          0x0000000000105527       0x29 binaries/fputc.o
                0x0000000000105527                fputc
 .text          0x0000000000105550       0x3a binaries/fputs.o
                0x0000000000105550                fputs
 .text          0x000000000010558a       0x7a binaries/fscanf.o
                0x00000000001055c1                fscanf
 .text          0x0000000000105604       0x27 binaries/getchar.o
                0x0000000000105604                getchar
 .text          0x000000000010562b        0xe binaries/labs.o
                0x000000000010562b                labs
 .text          0x0000000000105639       0x32 binaries/memchr.o
                0x0000000000105639                memchr
 .text          0x000000000010566b       0x4a binaries/memcmp.o
                0x000000000010566b                memcmp
 .text          0x00000000001056b5       0x25 binaries/memcpy.o
                0x00000000001056b5                memcpy
 .text          0x00000000001056da       0x1e binaries/memset.o
                0x00000000001056da                memset
 .text          0x00000000001056f8       0x44 binaries/printf.o
                0x00000000001056f8                printf
 .text          0x000000000010573c       0x2f binaries/putchar.o
                0x000000000010573c                putchar
 .text          0x000000000010576b      0x1cb binaries/qsort.o
                0x000000000010590b                qsort
 .text          0x0000000000105936       0x44 binaries/rand.o
                0x0000000000105936                srand
                0x0000000000105940                rand
 .text          0x000000000010597a       0x55 binaries/sprintf.o
                0x0000000000105991                sprintf
 .text          0x00000000001059cf       0x6c binaries/sscanf.o
                0x00000000001059f8                sscanf
 .text          0x0000000000105a3b       0x33 binaries/strchr.o
                0x0000000000105a3b                strchr
 .text          0x0000000000105a6e       0x43 binaries/strcmp.o
                0x0000000000105a6e                strcmp
 .text          0x0000000000105ab1       0x1a binaries/strcpy.o
                0x0000000000105ab1                strcpy
 .text          0x0000000000105acb       0x1c binaries/strlen.o
                0x0000000000105acb                strlen
 .text          0x0000000000105ae7       0x3b binaries/strncat.o
                0x0000000000105ae7                strncat
 .text          0x0000000000105b22       0x3a binaries/strncmp.o
                0x0000000000105b22                strncmp
 .text          0x0000000000105b5c       0x58 binaries/strncpy.o
                0x0000000000105b5c                strncpy
 .text          0x0000000000105bb4       0x2e binaries/strnlen.o
                0x0000000000105bb4                strnlen
 .text          0x0000000000105be2       0x30 binaries/strrchr.o
                0x0000000000105be2                strrchr
 .text          0x0000000000105c12       0x6e binaries/strstr.o
                0x0000000000105c12                strstr
 .text          0x0000000000105c80       0xbb binaries/ttycontrol.o
                0x0000000000105c80                ttycontrol
 .text          0x0000000000105d3b       0x7b binaries/ttygetc.o
                0x0000000000105d3b                ttygetc
 .text          0x0000000000105db6      0x469 binaries/ttyhandle_in.o
                0x0000000000105e6b                ttyhandle_in
 .text          0x000000000010621f      0x164 binaries/ttyhandle_out.o
                0x000000000010621f                ttyhandle_out
 .text          0x0000000000106383       0x83 binaries/ttyhandler.o
                0x0000000000106383                ttyhandler
 .text          0x0000000000106406      0x14e binaries/ttyinit.o
                0x0000000000106406                ttyinit
 .text          0x0000000000106554        0xc binaries/ttykickout.o
                0x0000000000106554                ttykickout
 .text          0x0000000000106560       0x93 binaries/ttyputc.o
                0x0000000000106560                ttyputc
 .text          0x00000000001065f3       0xe2 binaries/ttyread.o
                0x00000000001065f3                ttyread
 .text          0x00000000001066d5       0x4d binaries/ttywrite.o
                0x00000000001066d5                ttywrite
 .text          0x0000000000106722      0x10d binaries/mount.o
                0x0000000000106722                namlen
                0x000000000010675a                mount
 .text          0x000000000010682f      0x1d5 binaries/naminit.o
                0x000000000010682f                naminit
 .text          0x0000000000106a04      0x203 binaries/nammap.o
                0x0000000000106a04                namrepl
                0x0000000000106b17                namcpy
                0x0000000000106b64                nammap
 .text          0x0000000000106c07       0x58 binaries/namopen.o
                0x0000000000106c07                namopen
 .text          0x0000000000106c5f       0xd0 binaries/colon2mac.o
                0x0000000000106c5f                colon2mac
 .text          0x0000000000106d2f       0x7b binaries/ethcontrol.o
                0x0000000000106d2f                ethcontrol
 .text          0x0000000000106daa       0xfa binaries/ethhandler.o
                0x0000000000106daa                ethhandler
 .text          0x0000000000106ea4      0x4cf binaries/ethinit.o
                0x0000000000106ea4                eth_phy_read
                0x0000000000106ee3                eth_phy_write
                0x0000000000106f25                eth_phy_reset
                0x0000000000107021                ethinit
 .text          0x0000000000107373      0x11a binaries/ethmcast.o
                0x0000000000107373                ethmcast_add
                0x00000000001073c6                ethmcast_remove
 .text          0x000000000010748d      0x156 binaries/ethread.o
                0x000000000010748d                ethread
 .text          0x00000000001075e3       0xa3 binaries/ethwrite.o
                0x00000000001075e3                ethwrite
 .text          0x0000000000107686       0x62 binaries/rdsbufalloc.o
                0x0000000000107686                rdsbufalloc
 .text          0x00000000001076e8       0x7f binaries/rdsclose.o
                0x00000000001076e8                rdsclose
 .text          0x0000000000107767      0x200 binaries/rdscomm.o
                0x0000000000107767                rdscomm
 .text          0x0000000000107967      0x194 binaries/rdscontrol.o
                0x0000000000107967                rdscontrol
 .text          0x0000000000107afb      0x17e binaries/rdsinit.o
                0x0000000000107afb                rdsinit
 .text          0x0000000000107c79      0x15f binaries/rdsopen.o
                0x0000000000107c79                rdsopen
 .text          0x0000000000107dd8      0x2d8 binaries/rdsprocess.o
                0x0000000000107dd8                rdsprocess
 .text          0x00000000001080b0      0x18a binaries/rdsread.o
                0x00000000001080b0                rdsread
 .text          0x000000000010823a      0x141 binaries/rdswrite.o
                0x000000000010823a                rdswrite
 .text          0x000000000010837b        0x6 binaries/ramclose.o
                0x000000000010837b                ramclose
 .text          0x0000000000108381       0x44 binaries/raminit.o
                0x0000000000108381                raminit
 .text          0x00000000001083c5        0x7 binaries/ramopen.o
                0x00000000001083c5                ramopen
 .text          0x00000000001083cc       0x30 binaries/ramread.o
                0x00000000001083cc                ramread
 .text          0x00000000001083fc       0x30 binaries/ramwrite.o
                0x00000000001083fc                ramwrite
 .text          0x000000000010842c       0x91 binaries/lfdballoc.o
                0x000000000010842c                lfdballoc
 .text          0x00000000001084bd       0x5d binaries/lfdbfree.o
                0x00000000001084bd                lfdbfree
 .text          0x000000000010851a       0xaa binaries/lfflush.o
                0x000000000010851a                lfflush
 .text          0x00000000001085c4       0x7a binaries/lfgetmode.o
                0x00000000001085c4                lfgetmode
 .text          0x000000000010863e       0x68 binaries/lfiballoc.o
                0x000000000010863e                lfiballoc
 .text          0x00000000001086a6       0x25 binaries/lfibclear.o
                0x00000000001086a6                lfibclear
 .text          0x00000000001086cb       0x7a binaries/lfibget.o
                0x00000000001086cb                lfibget
 .text          0x0000000000108745       0xa0 binaries/lfibput.o
                0x0000000000108745                lfibput
 .text          0x00000000001087e5       0x76 binaries/lflclose.o
                0x00000000001087e5                lflclose
 .text          0x000000000010885b       0xa2 binaries/lflcontrol.o
                0x000000000010885b                lflcontrol
 .text          0x00000000001088fd       0x9e binaries/lflgetc.o
                0x00000000001088fd                lflgetc
 .text          0x000000000010899b       0xb8 binaries/lflinit.o
                0x000000000010899b                lflinit
 .text          0x0000000000108a53       0xba binaries/lflputc.o
                0x0000000000108a53                lflputc
 .text          0x0000000000108b0d       0x6a binaries/lflread.o
                0x0000000000108b0d                lflread
 .text          0x0000000000108b77       0x82 binaries/lflseek.o
                0x0000000000108b77                lflseek
 .text          0x0000000000108bf9       0x56 binaries/lflwrite.o
                0x0000000000108bf9                lflwrite
 .text          0x0000000000108c4f      0x129 binaries/lfsckfmt.o
                0x0000000000108c4f                lfsckfmt
 .text          0x0000000000108d78      0x1d9 binaries/lfscreate.o
                0x0000000000108d78                lfscreate
 .text          0x0000000000108f51      0x1aa binaries/lfsetup.o
                0x0000000000108f51                lfsetup
 .text          0x00000000001090fb       0x51 binaries/lfsinit.o
                0x00000000001090fb                lfsinit
 .text          0x000000000010914c      0x2ad binaries/lfsopen.o
                0x000000000010914c                lfsopen
 .text          0x00000000001093f9      0x11c binaries/lftruncate.o
                0x00000000001093f9                lftruncate
 .text          0x0000000000109515       0x5a binaries/rflclose.o
                0x0000000000109515                rflclose
 .text          0x000000000010956f       0x34 binaries/rflgetc.o
                0x000000000010956f                rflgetc
 .text          0x00000000001095a3       0x4b binaries/rflinit.o
                0x00000000001095a3                rflinit
 .text          0x00000000001095ee       0x3a binaries/rflputc.o
                0x00000000001095ee                rflputc
 .text          0x0000000000109628      0x296 binaries/rflread.o
                0x0000000000109628                rflread
 .text          0x00000000001098be       0x60 binaries/rflseek.o
                0x00000000001098be                rflseek
 .text          0x000000000010991e      0x2b3 binaries/rflwrite.o
                0x000000000010991e                rflwrite
 .text          0x0000000000109bd1      0x17f binaries/rfscomm.o
                0x0000000000109bd1                rfscomm
 .text          0x0000000000109d50      0x24a binaries/rfscontrol.o
                0x0000000000109d50                rfscontrol
 .text          0x0000000000109f9a       0x7a binaries/rfsgetmode.o
                0x0000000000109f9a                rfsgetmode
 .text          0x000000000010a014       0x76 binaries/rfsinit.o
                0x000000000010a014                rfsinit
 .text          0x000000000010a08a       0xbb binaries/rfsndmsg.o
                0x000000000010a08a                rfsndmsg
 .text          0x000000000010a145      0x229 binaries/rfsopen.o
                0x000000000010a145                rfsopen
 .text          0x000000000010a36e      0x64d binaries/arp.o
                0x000000000010a36e                arp_init
                0x000000000010a386                arp_alloc
                0x000000000010a436                arp_ntoh
                0x000000000010a4a0                arp_hton
                0x000000000010a50a                arp_resolve
                0x000000000010a789                arp_in
 .text          0x000000000010a9bb      0x614 binaries/dhcp.o
                0x000000000010a9bb                dhcp_get_opt_val
                0x000000000010aa0e                dhcp_bld_bootp_msg
                0x000000000010ab0e                dhcp_bld_disc
                0x000000000010ab60                dhcp_bld_req
                0x000000000010abfe                getlocalip
 .text          0x000000000010afcf       0xcb binaries/dot2ip.o
                0x000000000010afcf                dot2ip
 .text          0x000000000010b09a      0x366 binaries/hexdump.o
                0x000000000010b09a                hexdump
                0x000000000010b1c9                hexadump
 .text          0x000000000010b400      0x5ef binaries/icmp.o
                0x000000000010b400                icmp_init
                0x000000000010b418                icmp_register
                0x000000000010b4ca                icmp_recv
                0x000000000010b61f                icmp_mkpkt
                0x000000000010b6f9                icmp_in
                0x000000000010b831                icmp_send
                0x000000000010b8ad                icmp_release
                0x000000000010b969                icmp_cksum
                0x000000000010b9c7                icmp_hton
                0x000000000010b9db                icmp_ntoh
 .text          0x000000000010b9ef      0x567 binaries/ip.o
                0x000000000010b9ef                ip_local
                0x000000000010ba23                ipcksum
                0x000000000010ba74                ip_ntoh
                0x000000000010bade                ip_in
                0x000000000010bbd3                ip_hton
                0x000000000010bc3d                ip_out
                0x000000000010bcf1                ip_send
                0x000000000010bdee                ipout
                0x000000000010beca                ip_enqueue
 .text          0x000000000010bf56      0x1d3 binaries/net.o
                0x000000000010bf56                net_init
                0x000000000010c091                eth_hton
                0x000000000010c09b                eth_ntoh
                0x000000000010c0a5                netin
 .text          0x000000000010c129       0xd3 binaries/netstart.o
                0x000000000010c129                netstart
 .text          0x000000000010c1fc      0xb3f binaries/pdump.o
                0x000000000010c1fc                pdump
                0x000000000010c869                pdumph
 .text          0x000000000010cd3b      0x5db binaries/tftp.o
                0x000000000010cd3b                tftp_send1
                0x000000000010ce6e                tftpget_mb
                0x000000000010d2d9                tftpget
 .text          0x000000000010d316      0x7d8 binaries/udp.o
                0x000000000010d316                udp_init
                0x000000000010d353                udp_in
                0x000000000010d40c                udp_register
                0x000000000010d4fa                udp_recv
                0x000000000010d611                udp_recvaddr
                0x000000000010d73f                udp_send
                0x000000000010d8ba                udp_sendto
                0x000000000010da0a                udp_release
                0x000000000010dac6                udp_ntoh
                0x000000000010dada                udp_hton
 .text          0x000000000010daee      0x104 binaries/addargs.o
                0x000000000010daee                addargs
 .text          0x000000000010dbf2      0x1f8 binaries/lexan.o
                0x000000000010dbf2                lexan
 .text          0x000000000010ddea      0x63d binaries/shell.o
                0x000000000010ddea                shell
 .text          0x000000000010e427       0x5b binaries/xsh_argecho.o
                0x000000000010e427                xsh_argecho
 .text          0x000000000010e482      0x1d6 binaries/xsh_arp.o
                0x000000000010e482                xsh_arp
 .text          0x000000000010e658      0x219 binaries/xsh_cat.o
                0x000000000010e658                xsh_cat
 .text          0x000000000010e871       0x58 binaries/xsh_clear.o
                0x000000000010e871                xsh_clear
 .text          0x000000000010e8c9      0x2bf binaries/xsh_date.o
                0x000000000010e8c9                xsh_date
 .text          0x000000000010eb88       0x8f binaries/xsh_devdump.o
                0x000000000010eb88                xsh_devdump
 .text          0x000000000010ec17       0x60 binaries/xsh_echo.o
                0x000000000010ec17                xsh_echo
 .text          0x000000000010ec77        0x6 binaries/xsh_exit.o
                0x000000000010ec77                xsh_exit
 .text          0x000000000010ec7d      0x329 binaries/xsh_help.o
                0x000000000010ec7d                xsh_help
 .text          0x000000000010efa6      0x42d binaries/xsh_ipaddr.o
                0x000000000010efa6                xsh_ipaddr
 .text          0x000000000010f3d3      0x1f9 binaries/xsh_kill.o
                0x000000000010f3d3                xsh_kill
 .text          0x000000000010f5cc      0x3fb binaries/xsh_memdump.o
                0x000000000010f682                xsh_memdump
 .text          0x000000000010f9c7      0x1fc binaries/xsh_memstat.o
                0x000000000010f9c7                xsh_memstat
 .text          0x000000000010fbc3      0x320 binaries/xsh_ping.o
                0x000000000010fbc3                xsh_ping
 .text          0x000000000010fee3      0x1fe binaries/xsh_ps.o
                0x000000000010fee3                xsh_ps
 .text          0x00000000001100e1      0x1e8 binaries/xsh_sleep.o
                0x00000000001100e1                xsh_sleep
 .text          0x00000000001102c9      0x22c binaries/xsh_udpdump.o
                0x00000000001102c9                xsh_udpdump
 .text          0x00000000001104f5      0x44e binaries/xsh_udpecho.o
                0x00000000001104f5                xsh_udpecho
 .text          0x0000000000110943      0x287 binaries/xsh_udpeserver.o
                0x0000000000110943                xsh_udpeserver
 .text          0x0000000000110bca      0x1c6 binaries/xsh_uptime.o
                0x0000000000110bca                xsh_uptime
 .text          0x0000000000110d90        0xe binaries/clkdisp.o
                0x0000000000110d90                clkdisp
 .text          0x0000000000110d9e       0x19 binaries/ctxsw.o
                0x0000000000110d9e                ctxsw
 .text          0x0000000000110db7        0xf binaries/host2netl_asm.o
                0x0000000000110db7                host2netl_asm
 .text          0x0000000000110dc6      0x36b binaries/intr.o
                0x0000000000110dc6                disable
                0x0000000000110dcf                restore
                0x0000000000110ddd                enable
                0x0000000000110ddf                pause
                0x0000000000110de6                halt
                0x0000000000110dec                spurious_irq7
                0x0000000000110df1                spurious_irq15
                0x0000000000110e00                _Xint0
                0x0000000000110e0b                _Xint1
                0x0000000000110e16                _Xint2
                0x0000000000110e21                _Xint3
                0x0000000000110e2c                _Xint4
                0x0000000000110e37                _Xint5
                0x0000000000110e42                _Xint6
                0x0000000000110e4d                _Xint7
                0x0000000000110e58                _Xint8
                0x0000000000110e63                _Xint9
                0x0000000000110e6e                _Xint10
                0x0000000000110e79                _Xint11
                0x0000000000110e87                _Xint12
                0x0000000000110e95                _Xint13
                0x0000000000110ea3                _Xint14
                0x0000000000110eb1                _Xint15
                0x0000000000110ebf                _Xint16
                0x0000000000110ecd                _Xint17
                0x0000000000110edb                _Xint18
                0x0000000000110ee9                _Xint19
                0x0000000000110ef7                _Xint20
                0x0000000000110f05                _Xint21
                0x0000000000110f13                _Xint22
                0x0000000000110f21                _Xint23
                0x0000000000110f2f                _Xint24
                0x0000000000110f3d                _Xint25
                0x0000000000110f4b                _Xint26
                0x0000000000110f59                _Xint27
                0x0000000000110f67                _Xint28
                0x0000000000110f75                _Xint29
                0x0000000000110f83                _Xint30
                0x0000000000110f91                _Xint31
                0x0000000000110f9f                _Xint32
                0x0000000000110fad                _Xint33
                0x0000000000110fbb                _Xint34
                0x0000000000110fc9                _Xint35
                0x0000000000110fd7                _Xint36
                0x0000000000110fe5                _Xint37
                0x0000000000110ff3                _Xint38
                0x0000000000111001                _Xint39
                0x000000000011100f                _Xint40
                0x000000000011101d                _Xint41
                0x000000000011102b                _Xint42
                0x0000000000111039                _Xint43
                0x0000000000111047                _Xint44
                0x0000000000111055                _Xint45
                0x0000000000111063                _Xint46
                0x0000000000111071                defevec
 .text          0x0000000000111131        0xf binaries/net2hostl_asm.o
                0x0000000000111131                net2hostl_asm
 .text          0x0000000000111140        0xf binaries/ttydispatch.o
                0x0000000000111140                ttydispatch
 .text          0x000000000011114f       0x13 binaries/ethdispatch.o
                0x000000000011114f                ethdispatch
 *(.rodata .rodata.*)
 .rodata.str1.1
                0x0000000000111162       0x54 binaries/ascdate.o
 *fill*         0x00000000001111b6        0x2 
 .rodata.str1.4
                0x00000000001111b8       0x22 binaries/ascdate.o
 .rodata.str1.1
                0x00000000001111da       0x5f binaries/conf.o
 *fill*         0x0000000000111239        0x3 
 .rodata.str1.4
                0x000000000011123c       0x4f binaries/early_imr.o
 .rodata        0x000000000011128b       0x30 binaries/early_imr.o
 .rodata.str1.1
                0x00000000001112bb      0x20c binaries/evec.o
 *fill*         0x00000000001114c7        0x1 
 .rodata.str1.4
                0x00000000001114c8       0x23 binaries/evec.o
 .rodata.str1.1
                0x00000000001114eb        0xb binaries/getutime.o
 *fill*         0x00000000001114f6        0x2 
 .rodata.str1.4
                0x00000000001114f8       0x54 binaries/getutime.o
 .rodata.str1.1
                0x000000000011154c       0x63 binaries/initialize.o
                                         0x67 (size before relaxing)
 *fill*         0x00000000001115af        0x1 
 .rodata.str1.4
                0x00000000001115b0       0xd4 binaries/initialize.o
 .rodata        0x0000000000111684       0x20 binaries/kill.o
 .rodata.str1.1
                0x00000000001116a4       0x5b binaries/main.o
                                         0x5d (size before relaxing)
 *fill*         0x00000000001116ff        0x1 
 .rodata.str1.4
                0x0000000000111700       0x86 binaries/main.o
 *fill*         0x0000000000111786        0x2 
 .rodata.str1.4
                0x0000000000111788       0x23 binaries/meminit.o
 .rodata.str1.1
                0x00000000001117ab       0x1b binaries/meminit.o
 *fill*         0x00000000001117c6        0x2 
 .rodata.str1.4
                0x00000000001117c8       0x32 binaries/myfuncA.o
 .rodata.str1.1
                0x00000000001117fa       0x18 binaries/myfuncA.o
                                         0x1a (size before relaxing)
 .rodata.str1.1
                0x0000000000000000       0x1a binaries/myprogA.o
 *fill*         0x0000000000111812        0x2 
 .rodata.str1.4
                0x0000000000111814       0x37 binaries/myprogA.o
 .rodata.str1.1
                0x000000000011184b        0xf binaries/panic.o
 .rodata.str1.1
                0x000000000011185a       0x5b binaries/printprocstks.o
                                         0x65 (size before relaxing)
 *fill*         0x00000000001118b5        0x3 
 .rodata.str1.4
                0x00000000001118b8       0x62 binaries/printsegaddress.o
 .rodata.str1.1
                0x000000000011191a       0x45 binaries/printsegaddress.o
                                         0x53 (size before relaxing)
 .rodata.str1.1
                0x000000000011195f       0x1c binaries/ptinit.o
 *fill*         0x000000000011197b        0x1 
 .rodata.str1.4
                0x000000000011197c       0x25 binaries/ptsend.o
 .rodata.str1.1
                0x00000000001119a1       0x22 binaries/quark_pdat.o
 *fill*         0x00000000001119c3        0x1 
 .rodata.str1.4
                0x00000000001119c4       0x63 binaries/stacktrace.o
 .rodata.str1.1
                0x0000000000111a27       0x52 binaries/stacktrace.o
 *fill*         0x0000000000111a79        0x3 
 .rodata.str1.4
                0x0000000000111a7c       0x27 binaries/xdone.o
 *fill*         0x0000000000111aa3       0x1d 
 .rodata        0x0000000000111ac0       0x81 binaries/ctype_.o
                0x0000000000111ac0                _ctype_
 .rodata.str1.1
                0x0000000000111b41       0x29 binaries/doprnt.o
 *fill*         0x0000000000111b6a        0x2 
 .rodata        0x0000000000111b6c       0xc4 binaries/doprnt.o
 .rodata        0x0000000000111c30       0x98 binaries/doscan.o
 .rodata.str1.1
                0x0000000000000000       0x29 binaries/fdoprnt.o
 .rodata        0x0000000000111cc8       0x84 binaries/fdoprnt.o
 .rodata        0x0000000000111d4c       0x20 binaries/ttycontrol.o
 .rodata.str1.4
                0x0000000000111d6c       0x4c binaries/naminit.o
 .rodata.str1.1
                0x0000000000111db8       0x32 binaries/naminit.o
                                         0x35 (size before relaxing)
 .rodata.str1.1
                0x0000000000111dea       0x15 binaries/ethinit.o
 *fill*         0x0000000000111dff        0x1 
 .rodata.str1.4
                0x0000000000111e00       0x2e binaries/ethinit.o
 *fill*         0x0000000000111e2e        0x2 
 .rodata.str1.4
                0x0000000000111e30       0x2c binaries/rdsbufalloc.o
 .rodata.str1.4
                0x0000000000111e5c       0x76 binaries/rdscomm.o
 *fill*         0x0000000000111ed2        0x2 
 .rodata.str1.4
                0x0000000000111ed4       0x48 binaries/rdscontrol.o
 .rodata.str1.4
                0x0000000000111f1c       0x7e binaries/rdsinit.o
 .rodata.str1.1
                0x0000000000111f9a       0x18 binaries/rdsinit.o
 *fill*         0x0000000000111fb2        0x2 
 .rodata.str1.4
                0x0000000000111fb4       0x22 binaries/rdsopen.o
 *fill*         0x0000000000111fd6        0x2 
 .rodata.str1.4
                0x0000000000111fd8       0x4d binaries/rdsprocess.o
 .rodata.str1.1
                0x0000000000112025        0x9 binaries/raminit.o
 .rodata.str1.1
                0x000000000011202e       0x13 binaries/lfdballoc.o
 *fill*         0x0000000000112041        0x3 
 .rodata.str1.4
                0x0000000000112044       0x23 binaries/lfdballoc.o
 .rodata.str1.1
                0x0000000000112067       0x14 binaries/lfiballoc.o
 *fill*         0x000000000011207b        0x1 
 .rodata.str1.4
                0x000000000011207c       0x23 binaries/lflcontrol.o
 .rodata.str1.1
                0x000000000011209f       0x64 binaries/lfsckfmt.o
 *fill*         0x0000000000112103        0x1 
 .rodata.str1.4
                0x0000000000112104       0x51 binaries/lfsckfmt.o
 *fill*         0x0000000000112155        0x3 
 .rodata.str1.4
                0x0000000000112158       0x21 binaries/rflread.o
 .rodata.str1.4
                0x0000000000000000       0x21 binaries/rflwrite.o
 *fill*         0x0000000000112179        0x3 
 .rodata.str1.4
                0x000000000011217c       0x75 binaries/rfscomm.o
 *fill*         0x00000000001121f1        0x3 
 .rodata.str1.4
                0x00000000001121f4       0x23 binaries/rfscontrol.o
 *fill*         0x0000000000112217        0x1 
 .rodata        0x0000000000112218       0x18 binaries/rfscontrol.o
 .rodata.str1.1
                0x0000000000000000       0x10 binaries/rfsinit.o
 .rodata.str1.4
                0x0000000000112230       0x57 binaries/rfsinit.o
 *fill*         0x0000000000112287        0x1 
 .rodata.str1.4
                0x0000000000112288       0x2a binaries/rfsndmsg.o
 .rodata.str1.4
                0x0000000000000000       0x22 binaries/rfsopen.o
 .rodata.str1.1
                0x00000000001122b2       0x19 binaries/arp.o
 *fill*         0x00000000001122cb        0x1 
 .rodata.str1.4
                0x00000000001122cc       0x21 binaries/arp.o
 *fill*         0x00000000001122ed        0x3 
 .rodata.str1.4
                0x00000000001122f0       0xa6 binaries/dhcp.o
 .rodata.str1.1
                0x0000000000112396       0x4a binaries/dhcp.o
 .rodata.str1.1
                0x00000000001123e0       0x5a binaries/hexdump.o
                                         0x61 (size before relaxing)
 *fill*         0x000000000011243a        0x2 
 .rodata.str1.4
                0x000000000011243c       0x67 binaries/hexdump.o
 *fill*         0x00000000001124a3        0x1 
 .rodata.str1.4
                0x00000000001124a4       0x29 binaries/icmp.o
 .rodata.str1.1
                0x00000000001124cd       0x4e binaries/ip.o
 *fill*         0x000000000011251b        0x1 
 .rodata.str1.4
                0x000000000011251c       0x20 binaries/ip.o
 .rodata.str1.4
                0x000000000011253c       0x28 binaries/net.o
 .rodata.str1.1
                0x0000000000112564       0x27 binaries/net.o
 *fill*         0x000000000011258b        0x1 
 .rodata.str1.4
                0x000000000011258c       0xcf binaries/netstart.o
 .rodata.str1.1
                0x000000000011265b      0x141 binaries/pdump.o
                                        0x14b (size before relaxing)
 .rodata.str1.4
                0x000000000011279c      0x126 binaries/pdump.o
 *fill*         0x00000000001128c2        0x2 
 .rodata.str1.4
                0x00000000001128c4      0x148 binaries/tftp.o
 .rodata.str1.1
                0x0000000000112a0c        0x6 binaries/tftp.o
                                          0xa (size before relaxing)
 .rodata.str1.1
                0x0000000000112a12       0xe3 binaries/shell.o
                                         0xff (size before relaxing)
 *fill*         0x0000000000112af5        0x3 
 .rodata.str1.4
                0x0000000000112af8      0x1c4 binaries/shell.o
 *fill*         0x0000000000112cbc        0x4 
 .rodata        0x0000000000112cc0       0xfc binaries/shell.o
                0x0000000000112cc0                cmdtab
 .rodata.str1.1
                0x0000000000112dbc       0x26 binaries/xsh_argecho.o
                                         0x28 (size before relaxing)
 .rodata.str1.1
                0x0000000000112de2       0x70 binaries/xsh_arp.o
                                         0x72 (size before relaxing)
 *fill*         0x0000000000112e52        0x2 
 .rodata.str1.4
                0x0000000000112e54       0xb4 binaries/xsh_arp.o
 .rodata.str1.1
                0x0000000000112f08       0x2d binaries/xsh_cat.o
                                         0x4f (size before relaxing)
 *fill*         0x0000000000112f35        0x3 
 .rodata.str1.4
                0x0000000000112f38       0x52 binaries/xsh_cat.o
                                         0x79 (size before relaxing)
 .rodata.str1.1
                0x0000000000112f8a       0x15 binaries/xsh_clear.o
 .rodata.str1.1
                0x0000000000112f9f       0x46 binaries/xsh_date.o
                                         0x5f (size before relaxing)
 *fill*         0x0000000000112fe5        0x3 
 .rodata.str1.4
                0x0000000000112fe8      0x163 binaries/xsh_date.o
 .rodata.str1.1
                0x000000000011314b       0x5d binaries/xsh_devdump.o
 .rodata.str1.1
                0x00000000001131a8        0x4 binaries/xsh_echo.o
                                          0x9 (size before relaxing)
 .rodata.str1.1
                0x00000000001131ac       0x65 binaries/xsh_help.o
                                         0xa3 (size before relaxing)
 *fill*         0x0000000000113211        0x3 
 .rodata.str1.4
                0x0000000000113214       0x7c binaries/xsh_help.o
                                         0xc6 (size before relaxing)
 .rodata.str1.1
                0x0000000000113290       0x9c binaries/xsh_ipaddr.o
                                         0xf8 (size before relaxing)
 .rodata.str1.4
                0x000000000011332c       0x4d binaries/xsh_ipaddr.o
                                         0x99 (size before relaxing)
 .rodata.str1.1
                0x0000000000113379       0x78 binaries/xsh_kill.o
                                         0x97 (size before relaxing)
 *fill*         0x00000000001133f1        0x3 
 .rodata.str1.4
                0x00000000001133f4       0x4a binaries/xsh_kill.o
                                         0x96 (size before relaxing)
 .rodata.str1.1
                0x000000000011343e       0x84 binaries/xsh_memdump.o
                                         0xa8 (size before relaxing)
 *fill*         0x00000000001134c2        0x2 
 .rodata.str1.4
                0x00000000001134c4      0x15a binaries/xsh_memdump.o
                                        0x1aa (size before relaxing)
 .rodata.str1.1
                0x000000000011361e       0x40 binaries/xsh_memstat.o
                                         0x79 (size before relaxing)
 *fill*         0x000000000011365e        0x2 
 .rodata.str1.4
                0x0000000000113660      0x187 binaries/xsh_memstat.o
                                        0x1af (size before relaxing)
 .rodata.str1.1
                0x00000000001137e7       0x90 binaries/xsh_ping.o
                                         0xaf (size before relaxing)
 *fill*         0x0000000000113877        0x1 
 .rodata.str1.4
                0x0000000000113878       0x77 binaries/xsh_ping.o
                                         0xc6 (size before relaxing)
 .rodata.str1.1
                0x00000000001138ef       0x74 binaries/xsh_ps.o
                                         0xd5 (size before relaxing)
 *fill*         0x0000000000113963        0x1 
 .rodata.str1.4
                0x0000000000113964       0x80 binaries/xsh_ps.o
                                         0xd0 (size before relaxing)
 *fill*         0x00000000001139e4       0x1c 
 .rodata        0x0000000000113a00       0x20 binaries/xsh_ps.o
 .rodata.str1.1
                0x0000000000113a20       0x31 binaries/xsh_sleep.o
                                         0x72 (size before relaxing)
 *fill*         0x0000000000113a51        0x3 
 .rodata.str1.4
                0x0000000000113a54       0x2a binaries/xsh_sleep.o
                                         0x7a (size before relaxing)
 .rodata.str1.1
                0x0000000000113a7e       0x6b binaries/xsh_udpdump.o
                                         0xd2 (size before relaxing)
 *fill*         0x0000000000113ae9        0x3 
 .rodata.str1.4
                0x0000000000113aec       0x94 binaries/xsh_udpdump.o
                                         0xe4 (size before relaxing)
 .rodata.str1.1
                0x0000000000113b80       0xdb binaries/xsh_udpecho.o
                                         0xfa (size before relaxing)
 *fill*         0x0000000000113c5b        0x1 
 .rodata.str1.4
                0x0000000000113c5c       0xc7 binaries/xsh_udpecho.o
                                        0x116 (size before relaxing)
 .rodata.str1.1
                0x0000000000113d23       0x66 binaries/xsh_udpeserver.o
                                         0x8f (size before relaxing)
 *fill*         0x0000000000113d89        0x3 
 .rodata.str1.4
                0x0000000000113d8c       0x29 binaries/xsh_udpeserver.o
                                         0x9f (size before relaxing)
 .rodata.str1.1
                0x0000000000113db5       0x49 binaries/xsh_uptime.o
                                         0x8c (size before relaxing)
 *fill*         0x0000000000113dfe        0x2 
 .rodata.str1.4
                0x0000000000113e00       0x28 binaries/xsh_uptime.o
                                         0x76 (size before relaxing)
                0x0000000000113e28                etext = ABSOLUTE (.)
                0x0000000000114000                . = ALIGN (0x1000)
 *fill*         0x0000000000113e28      0x1d8 

.eh_frame       0x0000000000114000     0x32f4
 .eh_frame      0x0000000000114000       0x58 binaries/ascdate.o
 .eh_frame      0x0000000000114058       0x14 binaries/bufinit.o
                                         0x2c (size before relaxing)
 .eh_frame      0x000000000011406c       0x34 binaries/chprio.o
                                         0x4c (size before relaxing)
 .eh_frame      0x00000000001140a0       0x18 binaries/clkhandler.o
                                         0x30 (size before relaxing)
 .eh_frame      0x00000000001140b8       0x18 binaries/clkinit.o
                                         0x30 (size before relaxing)
 .eh_frame      0x00000000001140d0       0x2c binaries/close.o
                                         0x44 (size before relaxing)
 .eh_frame      0x00000000001140fc       0x2c binaries/control.o
                                         0x44 (size before relaxing)
 .eh_frame      0x0000000000114128       0x40 binaries/create.o
                                         0x58 (size before relaxing)
 .eh_frame      0x0000000000114168       0x98 binaries/early_imr.o
                                         0xb0 (size before relaxing)
 .eh_frame      0x0000000000114200       0x94 binaries/evec.o
                                         0xac (size before relaxing)
 .eh_frame      0x0000000000114294       0x2c binaries/freebuf.o
                                         0x44 (size before relaxing)
 .eh_frame      0x00000000001142c0       0x3c binaries/freemem.o
                                         0x54 (size before relaxing)
 .eh_frame      0x00000000001142fc       0x3c binaries/getbuf.o
                                         0x54 (size before relaxing)
 .eh_frame      0x0000000000114338       0x2c binaries/getc.o
                                         0x44 (size before relaxing)
 .eh_frame      0x0000000000114364       0x3c binaries/getdev.o
                                         0x54 (size before relaxing)
 .eh_frame      0x00000000001143a0       0x4c binaries/getitem.o
                                         0x64 (size before relaxing)
 .eh_frame      0x00000000001143ec       0x2c binaries/getmem.o
                                         0x44 (size before relaxing)
 .eh_frame      0x0000000000114418       0x14 binaries/getpid.o
                                         0x2c (size before relaxing)
 .eh_frame      0x000000000011442c       0x24 binaries/getprio.o
                                         0x3c (size before relaxing)
 .eh_frame      0x0000000000114450       0x3c binaries/getstk.o
                                         0x54 (size before relaxing)
 .eh_frame      0x000000000011448c       0x18 binaries/gettime.o
                                         0x30 (size before relaxing)
 .eh_frame      0x00000000001144a4       0x24 binaries/getutime.o
                                         0x3c (size before relaxing)
 .eh_frame      0x00000000001144c8       0x2c binaries/init.o
                                         0x44 (size before relaxing)
 .eh_frame      0x00000000001144f4       0x48 binaries/initialize.o
                                         0x60 (size before relaxing)
 .eh_frame      0x000000000011453c       0x24 binaries/insert.o
                                         0x3c (size before relaxing)
 .eh_frame      0x0000000000114560       0x38 binaries/insertd.o
                                         0x50 (size before relaxing)
 .eh_frame      0x0000000000114598       0x14 binaries/ioerr.o
                                         0x2c (size before relaxing)
 .eh_frame      0x00000000001145ac       0x14 binaries/ionull.o
                                         0x2c (size before relaxing)
 .eh_frame      0x00000000001145c0       0x40 binaries/kill.o
                                         0x58 (size before relaxing)
 .eh_frame      0x0000000000114600       0x58 binaries/kprintf.o
                                         0x70 (size before relaxing)
 .eh_frame      0x0000000000114658       0x20 binaries/main.o
                                         0x38 (size before relaxing)
 .eh_frame      0x0000000000114678       0x3c binaries/mark.o
                                         0x54 (size before relaxing)
 .eh_frame      0x00000000001146b4       0x58 binaries/meminit.o
                                         0x70 (size before relaxing)
 .eh_frame      0x000000000011470c       0x40 binaries/mkbufpool.o
                                         0x58 (size before relaxing)
 .eh_frame      0x000000000011474c       0x34 binaries/myfuncA.o
                                         0x4c (size before relaxing)
 .eh_frame      0x0000000000114780       0x2c binaries/myprogA.o
                                         0x44 (size before relaxing)
 .eh_frame      0x00000000001147ac       0x14 binaries/newqueue.o
                                         0x2c (size before relaxing)
 .eh_frame      0x00000000001147c0       0x2c binaries/open.o
                                         0x44 (size before relaxing)
 .eh_frame      0x00000000001147ec       0x14 binaries/panic.o
                                         0x2c (size before relaxing)
 .eh_frame      0x0000000000114800       0xe0 binaries/pci.o
                                         0xf8 (size before relaxing)
 .eh_frame      0x00000000001148e0       0x18 binaries/platinit.o
                                         0x30 (size before relaxing)
 .eh_frame      0x00000000001148f8       0x34 binaries/printprocstks.o
                                         0x4c (size before relaxing)
 .eh_frame      0x000000000011492c       0x2c binaries/printsegaddress.o
                                         0x44 (size before relaxing)
 .eh_frame      0x0000000000114958       0x3c binaries/ptclear.o
                                         0x54 (size before relaxing)
 .eh_frame      0x0000000000114994       0x34 binaries/ptcount.o
                                         0x4c (size before relaxing)
 .eh_frame      0x00000000001149c8       0x3c binaries/ptcreate.o
                                         0x54 (size before relaxing)
 .eh_frame      0x0000000000114a04       0x2c binaries/ptdelete.o
                                         0x44 (size before relaxing)
 .eh_frame      0x0000000000114a30       0x2c binaries/ptinit.o
                                         0x44 (size before relaxing)
 .eh_frame      0x0000000000114a5c       0x3c binaries/ptrecv.o
                                         0x54 (size before relaxing)
 .eh_frame      0x0000000000114a98       0x2c binaries/ptreset.o
                                         0x44 (size before relaxing)
 .eh_frame      0x0000000000114ac4       0x34 binaries/ptsend.o
                                         0x4c (size before relaxing)
 .eh_frame      0x0000000000114af8       0x34 binaries/putc.o
                                         0x4c (size before relaxing)
 .eh_frame      0x0000000000114b2c       0x24 binaries/quark_irq.o
                                         0x3c (size before relaxing)
 .eh_frame      0x0000000000114b50       0x60 binaries/quark_pdat.o
                                         0x78 (size before relaxing)
 .eh_frame      0x0000000000114bb0       0x34 binaries/queue.o
                                         0x4c (size before relaxing)
 .eh_frame      0x0000000000114be4       0x2c binaries/read.o
                                         0x44 (size before relaxing)
 .eh_frame      0x0000000000114c10       0x18 binaries/ready.o
                                         0x30 (size before relaxing)
 .eh_frame      0x0000000000114c28       0x34 binaries/receive.o
                                         0x4c (size before relaxing)
 .eh_frame      0x0000000000114c5c       0x20 binaries/recvclr.o
                                         0x38 (size before relaxing)
 .eh_frame      0x0000000000114c7c       0x3c binaries/recvtime.o
                                         0x54 (size before relaxing)
 .eh_frame      0x0000000000114cb8       0x4c binaries/resched.o
                                         0x64 (size before relaxing)
 .eh_frame      0x0000000000114d04       0x34 binaries/resume.o
                                         0x4c (size before relaxing)
 .eh_frame      0x0000000000114d38       0x20 binaries/rogueB.o
                                         0x38 (size before relaxing)
 .eh_frame      0x0000000000114d58       0x30 binaries/rogueB2.o
                                         0x48 (size before relaxing)
 .eh_frame      0x0000000000114d88       0x2c binaries/seek.o
                                         0x44 (size before relaxing)
 .eh_frame      0x0000000000114db4       0x24 binaries/semcount.o
                                         0x3c (size before relaxing)
 .eh_frame      0x0000000000114dd8       0x3c binaries/semcreate.o
                                         0x54 (size before relaxing)
 .eh_frame      0x0000000000114e14       0x2c binaries/semdelete.o
                                         0x44 (size before relaxing)
 .eh_frame      0x0000000000114e40       0x3c binaries/semreset.o
                                         0x54 (size before relaxing)
 .eh_frame      0x0000000000114e7c       0x2c binaries/send.o
                                         0x44 (size before relaxing)
 .eh_frame      0x0000000000114ea8       0x2c binaries/signal.o
                                         0x44 (size before relaxing)
 .eh_frame      0x0000000000114ed4       0x34 binaries/signaln.o
                                         0x4c (size before relaxing)
 .eh_frame      0x0000000000114f08       0x44 binaries/sleep.o
                                         0x5c (size before relaxing)
 .eh_frame      0x0000000000114f4c       0x20 binaries/somefuncA.o
                                         0x38 (size before relaxing)
 .eh_frame      0x0000000000114f6c       0x20 binaries/somefuncB.o
                                         0x38 (size before relaxing)
 .eh_frame      0x0000000000114f8c       0x18 binaries/someprogA.o
                                         0x30 (size before relaxing)
 .eh_frame      0x0000000000114fa4       0x20 binaries/someprogB.o
                                         0x38 (size before relaxing)
 .eh_frame      0x0000000000114fc4       0x40 binaries/stacktrace.o
                                         0x58 (size before relaxing)
 .eh_frame      0x0000000000115004       0x3c binaries/suspend.o
                                         0x54 (size before relaxing)
 .eh_frame      0x0000000000115040       0x2c binaries/unsleep.o
                                         0x44 (size before relaxing)
 .eh_frame      0x000000000011506c       0x18 binaries/userret.o
                                         0x30 (size before relaxing)
 .eh_frame      0x0000000000115084       0x34 binaries/wait.o
                                         0x4c (size before relaxing)
 .eh_frame      0x00000000001150b8       0x18 binaries/wakeup.o
                                         0x30 (size before relaxing)
 .eh_frame      0x00000000001150d0       0x2c binaries/write.o
                                         0x44 (size before relaxing)
 .eh_frame      0x00000000001150fc       0x18 binaries/xdone.o
                                         0x30 (size before relaxing)
 .eh_frame      0x0000000000115114       0x20 binaries/yield.o
                                         0x38 (size before relaxing)
 .eh_frame      0x0000000000115134       0x14 binaries/abs.o
                                         0x2c (size before relaxing)
 .eh_frame      0x0000000000115148       0x24 binaries/atoi.o
                                         0x3c (size before relaxing)
 .eh_frame      0x000000000011516c       0x24 binaries/atol.o
                                         0x3c (size before relaxing)
 .eh_frame      0x0000000000115190       0x14 binaries/bzero.o
                                         0x2c (size before relaxing)
 .eh_frame      0x00000000001151a4       0xd4 binaries/doprnt.o
                                         0xec (size before relaxing)
 .eh_frame      0x0000000000115278       0x40 binaries/doscan.o
                                         0x58 (size before relaxing)
 .eh_frame      0x00000000001152b8       0x7c binaries/fdoprnt.o
                                         0x94 (size before relaxing)
 .eh_frame      0x0000000000115334       0x18 binaries/fgetc.o
                                         0x30 (size before relaxing)
 .eh_frame      0x000000000011534c       0x3c binaries/fgets.o
                                         0x54 (size before relaxing)
 .eh_frame      0x0000000000115388       0x18 binaries/fprintf.o
                                         0x30 (size before relaxing)
 .eh_frame      0x00000000001153a0       0x18 binaries/fputc.o
                                         0x30 (size before relaxing)
 .eh_frame      0x00000000001153b8       0x2c binaries/fputs.o
                                         0x44 (size before relaxing)
 .eh_frame      0x00000000001153e4       0x4c binaries/fscanf.o
                                         0x64 (size before relaxing)
 .eh_frame      0x0000000000115430       0x18 binaries/getchar.o
                                         0x30 (size before relaxing)
 .eh_frame      0x0000000000115448       0x14 binaries/labs.o
                                         0x2c (size before relaxing)
 .eh_frame      0x000000000011545c       0x14 binaries/memchr.o
                                         0x2c (size before relaxing)
 .eh_frame      0x0000000000115470       0x24 binaries/memcmp.o
                                         0x3c (size before relaxing)
 .eh_frame      0x0000000000115494       0x24 binaries/memcpy.o
                                         0x3c (size before relaxing)
 .eh_frame      0x00000000001154b8       0x1c binaries/memset.o
                                         0x34 (size before relaxing)
 .eh_frame      0x00000000001154d4       0x18 binaries/printf.o
                                         0x30 (size before relaxing)
 .eh_frame      0x00000000001154ec       0x18 binaries/putchar.o
                                         0x30 (size before relaxing)
 .eh_frame      0x0000000000115504       0xa8 binaries/qsort.o
                                         0xc0 (size before relaxing)
 .eh_frame      0x00000000001155ac       0x28 binaries/rand.o
                                         0x40 (size before relaxing)
 .eh_frame      0x00000000001155d4       0x3c binaries/sprintf.o
                                         0x54 (size before relaxing)
 .eh_frame      0x0000000000115610       0x40 binaries/sscanf.o
                                         0x58 (size before relaxing)
 .eh_frame      0x0000000000115650       0x1c binaries/strchr.o
                                         0x34 (size before relaxing)
 .eh_frame      0x000000000011566c       0x1c binaries/strcmp.o
                                         0x34 (size before relaxing)
 .eh_frame      0x0000000000115688       0x14 binaries/strcpy.o
                                         0x2c (size before relaxing)
 .eh_frame      0x000000000011569c       0x14 binaries/strlen.o
                                         0x2c (size before relaxing)
 .eh_frame      0x00000000001156b0       0x2c binaries/strncat.o
                                         0x44 (size before relaxing)
 .eh_frame      0x00000000001156dc       0x1c binaries/strncmp.o
                                         0x34 (size before relaxing)
 .eh_frame      0x00000000001156f8       0x30 binaries/strncpy.o
                                         0x48 (size before relaxing)
 .eh_frame      0x0000000000115728       0x14 binaries/strnlen.o
                                         0x2c (size before relaxing)
 .eh_frame      0x000000000011573c       0x1c binaries/strrchr.o
                                         0x34 (size before relaxing)
 .eh_frame      0x0000000000115758       0x38 binaries/strstr.o
                                         0x50 (size before relaxing)
 .eh_frame      0x0000000000115790       0x2c binaries/ttycontrol.o
                                         0x44 (size before relaxing)
 .eh_frame      0x00000000001157bc       0x2c binaries/ttygetc.o
                                         0x44 (size before relaxing)
 .eh_frame      0x00000000001157e8       0x9c binaries/ttyhandle_in.o
                                         0xb4 (size before relaxing)
 .eh_frame      0x0000000000115884       0x40 binaries/ttyhandle_out.o
                                         0x58 (size before relaxing)
 .eh_frame      0x00000000001158c4       0x2c binaries/ttyhandler.o
                                         0x44 (size before relaxing)
 .eh_frame      0x00000000001158f0       0x2c binaries/ttyinit.o
                                         0x44 (size before relaxing)
 .eh_frame      0x000000000011591c       0x14 binaries/ttykickout.o
                                         0x2c (size before relaxing)
 .eh_frame      0x0000000000115930       0x34 binaries/ttyputc.o
                                         0x4c (size before relaxing)
 .eh_frame      0x0000000000115964       0x3c binaries/ttyread.o
                                         0x54 (size before relaxing)
 .eh_frame      0x00000000001159a0       0x34 binaries/ttywrite.o
                                         0x4c (size before relaxing)
 .eh_frame      0x00000000001159d4       0x50 binaries/mount.o
                                         0x68 (size before relaxing)
 .eh_frame      0x0000000000115a24       0x40 binaries/naminit.o
                                         0x58 (size before relaxing)
 .eh_frame      0x0000000000115a64       0xa4 binaries/nammap.o
                                         0xbc (size before relaxing)
 .eh_frame      0x0000000000115b08       0x1c binaries/namopen.o
                                         0x34 (size before relaxing)
 .eh_frame      0x0000000000115b24       0x3c binaries/colon2mac.o
                                         0x54 (size before relaxing)
 .eh_frame      0x0000000000115b60       0x18 binaries/ethcontrol.o
                                         0x30 (size before relaxing)
 .eh_frame      0x0000000000115b78       0x3c binaries/ethhandler.o
                                         0x54 (size before relaxing)
 .eh_frame      0x0000000000115bb4       0x94 binaries/ethinit.o
                                         0xac (size before relaxing)
 .eh_frame      0x0000000000115c48       0x68 binaries/ethmcast.o
                                         0x80 (size before relaxing)
 .eh_frame      0x0000000000115cb0       0x40 binaries/ethread.o
                                         0x58 (size before relaxing)
 .eh_frame      0x0000000000115cf0       0x3c binaries/ethwrite.o
                                         0x54 (size before relaxing)
 .eh_frame      0x0000000000115d2c       0x24 binaries/rdsbufalloc.o
                                         0x3c (size before relaxing)
 .eh_frame      0x0000000000115d50       0x30 binaries/rdsclose.o
                                         0x48 (size before relaxing)
 .eh_frame      0x0000000000115d80       0x40 binaries/rdscomm.o
                                         0x58 (size before relaxing)
 .eh_frame      0x0000000000115dc0       0x2c binaries/rdscontrol.o
                                         0x44 (size before relaxing)
 .eh_frame      0x0000000000115dec       0x40 binaries/rdsinit.o
                                         0x58 (size before relaxing)
 .eh_frame      0x0000000000115e2c       0x40 binaries/rdsopen.o
                                         0x58 (size before relaxing)
 .eh_frame      0x0000000000115e6c       0x2c binaries/rdsprocess.o
                                         0x44 (size before relaxing)
 .eh_frame      0x0000000000115e98       0x40 binaries/rdsread.o
                                         0x58 (size before relaxing)
 .eh_frame      0x0000000000115ed8       0x34 binaries/rdswrite.o
                                         0x4c (size before relaxing)
 .eh_frame      0x0000000000115f0c       0x14 binaries/ramclose.o
                                         0x2c (size before relaxing)
 .eh_frame      0x0000000000115f20       0x18 binaries/raminit.o
                                         0x30 (size before relaxing)
 .eh_frame      0x0000000000115f38       0x14 binaries/ramopen.o
                                         0x2c (size before relaxing)
 .eh_frame      0x0000000000115f4c       0x18 binaries/ramread.o
                                         0x30 (size before relaxing)
 .eh_frame      0x0000000000115f64       0x18 binaries/ramwrite.o
                                         0x30 (size before relaxing)
 .eh_frame      0x0000000000115f7c       0x2c binaries/lfdballoc.o
                                         0x44 (size before relaxing)
 .eh_frame      0x0000000000115fa8       0x24 binaries/lfdbfree.o
                                         0x3c (size before relaxing)
 .eh_frame      0x0000000000115fcc       0x24 binaries/lfflush.o
                                         0x3c (size before relaxing)
 .eh_frame      0x0000000000115ff0       0x14 binaries/lfgetmode.o
                                         0x2c (size before relaxing)
 .eh_frame      0x0000000000116004       0x24 binaries/lfiballoc.o
                                         0x3c (size before relaxing)
 .eh_frame      0x0000000000116028       0x14 binaries/lfibclear.o
                                         0x2c (size before relaxing)
 .eh_frame      0x000000000011603c       0x40 binaries/lfibget.o
                                         0x58 (size before relaxing)
 .eh_frame      0x000000000011607c       0x40 binaries/lfibput.o
                                         0x58 (size before relaxing)
 .eh_frame      0x00000000001160bc       0x2c binaries/lflclose.o
                                         0x44 (size before relaxing)
 .eh_frame      0x00000000001160e8       0x2c binaries/lflcontrol.o
                                         0x44 (size before relaxing)
 .eh_frame      0x0000000000116114       0x2c binaries/lflgetc.o
                                         0x44 (size before relaxing)
 .eh_frame      0x0000000000116140       0x24 binaries/lflinit.o
                                         0x3c (size before relaxing)
 .eh_frame      0x0000000000116164       0x34 binaries/lflputc.o
                                         0x4c (size before relaxing)
 .eh_frame      0x0000000000116198       0x3c binaries/lflread.o
                                         0x54 (size before relaxing)
 .eh_frame      0x00000000001161d4       0x34 binaries/lflseek.o
                                         0x4c (size before relaxing)
 .eh_frame      0x0000000000116208       0x3c binaries/lflwrite.o
                                         0x54 (size before relaxing)
 .eh_frame      0x0000000000116244       0x40 binaries/lfsckfmt.o
                                         0x58 (size before relaxing)
 .eh_frame      0x0000000000116284       0x40 binaries/lfscreate.o
                                         0x58 (size before relaxing)
 .eh_frame      0x00000000001162c4       0x40 binaries/lfsetup.o
                                         0x58 (size before relaxing)
 .eh_frame      0x0000000000116304       0x18 binaries/lfsinit.o
                                         0x30 (size before relaxing)
 .eh_frame      0x000000000011631c       0x40 binaries/lfsopen.o
                                         0x58 (size before relaxing)
 .eh_frame      0x000000000011635c       0x40 binaries/lftruncate.o
                                         0x58 (size before relaxing)
 .eh_frame      0x000000000011639c       0x18 binaries/rflclose.o
                                         0x30 (size before relaxing)
 .eh_frame      0x00000000001163b4       0x18 binaries/rflgetc.o
                                         0x30 (size before relaxing)
 .eh_frame      0x00000000001163cc       0x14 binaries/rflinit.o
                                         0x2c (size before relaxing)
 .eh_frame      0x00000000001163e0       0x18 binaries/rflputc.o
                                         0x30 (size before relaxing)
 .eh_frame      0x00000000001163f8       0x40 binaries/rflread.o
                                         0x58 (size before relaxing)
 .eh_frame      0x0000000000116438       0x18 binaries/rflseek.o
                                         0x30 (size before relaxing)
[...]
 .comment       0x0000000000000000       0x2b binaries/xsh_arp.o
 .comment       0x0000000000000000       0x2b binaries/xsh_cat.o
 .comment       0x0000000000000000       0x2b binaries/xsh_clear.o
 .comment       0x0000000000000000       0x2b binaries/xsh_date.o
 .comment       0x0000000000000000       0x2b binaries/xsh_devdump.o
 .comment       0x0000000000000000       0x2b binaries/xsh_echo.o
 .comment       0x0000000000000000       0x2b binaries/xsh_exit.o
 .comment       0x0000000000000000       0x2b binaries/xsh_help.o
 .comment       0x0000000000000000       0x2b binaries/xsh_ipaddr.o
 .comment       0x0000000000000000       0x2b binaries/xsh_kill.o
 .comment       0x0000000000000000       0x2b binaries/xsh_memdump.o
 .comment       0x0000000000000000       0x2b binaries/xsh_memstat.o
 .comment       0x0000000000000000       0x2b binaries/xsh_ping.o
 .comment       0x0000000000000000       0x2b binaries/xsh_ps.o
 .comment       0x0000000000000000       0x2b binaries/xsh_sleep.o
 .comment       0x0000000000000000       0x2b binaries/xsh_udpdump.o
 .comment       0x0000000000000000       0x2b binaries/xsh_udpecho.o
 .comment       0x0000000000000000       0x2b binaries/xsh_udpeserver.o
 .comment       0x0000000000000000       0x2b binaries/xsh_uptime.o

.note.GNU-stack
                0x0000000000000000        0x0
 .note.GNU-stack
                0x0000000000000000        0x0 binaries/ascdate.o
 .note.GNU-stack
                0x0000000000000000        0x0 binaries/bufinit.o
 .note.GNU-stack
                0x0000000000000000        0x0 binaries/chprio.o
 .note.GNU-stack
                0x0000000000000000        0x0 binaries/clkhandler.o
 .note.GNU-stack
                0x0000000000000000        0x0 binaries/clkinit.o
 .note.GNU-stack
                0x0000000000000000        0x0 binaries/close.o
 .note.GNU-stack
                0x0000000000000000        0x0 binaries/conf.o
 .note.GNU-stack
                0x0000000000000000        0x0 binaries/control.o
 .note.GNU-stack
                0x0000000000000000        0x0 binaries/create.o
 .note.GNU-stack
                0x0000000000000000        0x0 binaries/early_imr.o
 .note.GNU-stack
                0x0000000000000000        0x0 binaries/evec.o
 .note.GNU-stack
                0x0000000000000000        0x0 binaries/freebuf.o
 .note.GNU-stack
                0x0000000000000000        0x0 binaries/freemem.o
 .note.GNU-stack
                0x0000000000000000        0x0 binaries/getbuf.o
 .note.GNU-stack
                0x0000000000000000        0x0 binaries/getc.o
 .note.GNU-stack
                0x0000000000000000        0x0 binaries/getdev.o
 .note.GNU-stack
                0x0000000000000000        0x0 binaries/getitem.o
 .note.GNU-stack
                0x0000000000000000        0x0 binaries/getmem.o
 .note.GNU-stack
                0x0000000000000000        0x0 binaries/getpid.o
 .note.GNU-stack
                0x0000000000000000        0x0 binaries/getprio.o
 .note.GNU-stack
                0x0000000000000000        0x0 binaries/getstk.o
 .note.GNU-stack
                0x0000000000000000        0x0 binaries/gettime.o
 .note.GNU-stack
                0x0000000000000000        0x0 binaries/getutime.o
 .note.GNU-stack
                0x0000000000000000        0x0 binaries/init.o
 .note.GNU-stack
                0x0000000000000000        0x0 binaries/initialize.o
 .note.GNU-stack
                0x0000000000000000        0x0 binaries/insert.o
 .note.GNU-stack
                0x0000000000000000        0x0 binaries/insertd.o
 .note.GNU-stack
                0x0000000000000000        0x0 binaries/ioerr.o
 .note.GNU-stack
                0x0000000000000000        0x0 binaries/ionull.o
 .note.GNU-stack
                0x0000000000000000        0x0 binaries/kill.o
 .note.GNU-stack
                0x0000000000000000        0x0 binaries/kprintf.o
 .note.GNU-stack
                0x0000000000000000        0x0 binaries/main.o
 .note.GNU-stack
                0x0000000000000000        0x0 binaries/mark.o
 .note.GNU-stack
                0x0000000000000000        0x0 binaries/meminit.o
 .note.GNU-stack
                0x0000000000000000        0x0 binaries/mkbufpool.o
 .note.GNU-stack
                0x0000000000000000        0x0 binaries/myfuncA.o
 .note.GNU-stack
                0x0000000000000000        0x0 binaries/myprogA.o
 .note.GNU-stack
                0x0000000000000000        0x0 binaries/newqueue.o
 .note.GNU-stack
                0x0000000000000000        0x0 binaries/open.o
 .note.GNU-stack
                0x0000000000000000        0x0 binaries/panic.o
 .note.GNU-stack
                0x0000000000000000        0x0 binaries/pci.o
 .note.GNU-stack
                0x0000000000000000        0x0 binaries/platinit.o
 .note.GNU-stack
                0x0000000000000000        0x0 binaries/printprocstks.o
 .note.GNU-stack
                0x0000000000000000        0x0 binaries/printsegaddress.o
 .note.GNU-stack
                0x0000000000000000        0x0 binaries/ptclear.o
 .note.GNU-stack
                0x0000000000000000        0x0 binaries/ptcount.o
 .note.GNU-stack
                0x0000000000000000        0x0 binaries/ptcreate.o
 .note.GNU-stack
                0x0000000000000000        0x0 binaries/ptdelete.o
 .note.GNU-stack
                0x0000000000000000        0x0 binaries/ptinit.o
 .note.GNU-stack
                0x0000000000000000        0x0 binaries/ptrecv.o
 .note.GNU-stack
                0x0000000000000000        0x0 binaries/ptreset.o
 .note.GNU-stack
                0x0000000000000000        0x0 binaries/ptsend.o
 .note.GNU-stack
                0x0000000000000000        0x0 binaries/putc.o
 .note.GNU-stack
                0x0000000000000000        0x0 binaries/quark_irq.o
 .note.GNU-stack
                0x0000000000000000        0x0 binaries/quark_pdat.o
 .note.GNU-stack
                0x0000000000000000        0x0 binaries/queue.o
 .note.GNU-stack
                0x0000000000000000        0x0 binaries/read.o
 .note.GNU-stack
                0x0000000000000000        0x0 binaries/ready.o
 .note.GNU-stack
                0x0000000000000000        0x0 binaries/receive.o
 .note.GNU-stack
                0x0000000000000000        0x0 binaries/recvclr.o
 .note.GNU-stack
                0x0000000000000000        0x0 binaries/recvtime.o
 .note.GNU-stack
                0x0000000000000000        0x0 binaries/resched.o
 .note.GNU-stack
                0x0000000000000000        0x0 binaries/resume.o
 .note.GNU-stack
                0x0000000000000000        0x0 binaries/rogueB.o
 .note.GNU-stack
                0x0000000000000000        0x0 binaries/rogueB2.o
 .note.GNU-stack
                0x0000000000000000        0x0 binaries/seek.o
 .note.GNU-stack
                0x0000000000000000        0x0 binaries/semcount.o
 .note.GNU-stack
                0x0000000000000000        0x0 binaries/semcreate.o
 .note.GNU-stack
                0x0000000000000000        0x0 binaries/semdelete.o
 .note.GNU-stack
                0x0000000000000000        0x0 binaries/semreset.o
 .note.GNU-stack
                0x0000000000000000        0x0 binaries/send.o
 .note.GNU-stack
                0x0000000000000000        0x0 binaries/signal.o
 .note.GNU-stack
                0x0000000000000000        0x0 binaries/signaln.o
 .note.GNU-stack
                0x0000000000000000        0x0 binaries/sleep.o
 .note.GNU-stack
                0x0000000000000000        0x0 binaries/somefuncA.o
 .note.GNU-stack
                0x0000000000000000        0x0 binaries/somefuncB.o
 .note.GNU-stack
                0x0000000000000000        0x0 binaries/someprogA.o
 .note.GNU-stack
                0x0000000000000000        0x0 binaries/someprogB.o
 .note.GNU-stack
                0x0000000000000000        0x0 binaries/stacktrace.o
 .note.GNU-stack
                0x0000000000000000        0x0 binaries/suspend.o
 .note.GNU-stack
                0x0000000000000000        0x0 binaries/unsleep.o
 .note.GNU-stack
                0x0000000000000000        0x0 binaries/userret.o
 .note.GNU-stack
                0x0000000000000000        0x0 binaries/wait.o
 .note.GNU-stack
                0x0000000000000000        0x0 binaries/wakeup.o
 .note.GNU-stack
                0x0000000000000000        0x0 binaries/write.o
 .note.GNU-stack
                0x0000000000000000        0x0 binaries/xdone.o
 .note.GNU-stack
                0x0000000000000000        0x0 binaries/yield.o
 .note.GNU-stack
                0x0000000000000000        0x0 binaries/abs.o
 .note.GNU-stack
                0x0000000000000000        0x0 binaries/atoi.o
 .note.GNU-stack
                0x0000000000000000        0x0 binaries/atol.o
 .note.GNU-stack
                0x0000000000000000        0x0 binaries/bzero.o
 .note.GNU-stack
                0x0000000000000000        0x0 binaries/ctype_.o
 .note.GNU-stack
                0x0000000000000000        0x0 binaries/doprnt.o
 .note.GNU-stack
                0x0000000000000000        0x0 binaries/doscan.o
 .note.GNU-stack
                0x0000000000000000        0x0 binaries/fdoprnt.o
 .note.GNU-stack
                0x0000000000000000        0x0 binaries/fgetc.o
 .note.GNU-stack
                0x0000000000000000        0x0 binaries/fgets.o
 .note.GNU-stack
                0x0000000000000000        0x0 binaries/fprintf.o
 .note.GNU-stack
                0x0000000000000000        0x0 binaries/fputc.o
 .note.GNU-stack
                0x0000000000000000        0x0 binaries/fputs.o
 .note.GNU-stack
                0x0000000000000000        0x0 binaries/fscanf.o
 .note.GNU-stack
                0x0000000000000000        0x0 binaries/getchar.o
 .note.GNU-stack
                0x0000000000000000        0x0 binaries/labs.o
 .note.GNU-stack
                0x0000000000000000        0x0 binaries/memchr.o
 .note.GNU-stack
                0x0000000000000000        0x0 binaries/memcmp.o
 .note.GNU-stack
                0x0000000000000000        0x0 binaries/memcpy.o
 .note.GNU-stack
                0x0000000000000000        0x0 binaries/memset.o
 .note.GNU-stack
                0x0000000000000000        0x0 binaries/printf.o
 .note.GNU-stack
                0x0000000000000000        0x0 binaries/putchar.o
 .note.GNU-stack
                0x0000000000000000        0x0 binaries/qsort.o
 .note.GNU-stack
                0x0000000000000000        0x0 binaries/rand.o
 .note.GNU-stack
                0x0000000000000000        0x0 binaries/sprintf.o
 .note.GNU-stack
                0x0000000000000000        0x0 binaries/sscanf.o
 .note.GNU-stack
                0x0000000000000000        0x0 binaries/strchr.o
 .note.GNU-stack
                0x0000000000000000        0x0 binaries/strcmp.o
 .note.GNU-stack
                0x0000000000000000        0x0 binaries/strcpy.o
 .note.GNU-stack
                0x0000000000000000        0x0 binaries/strlen.o
 .note.GNU-stack
                0x0000000000000000        0x0 binaries/strncat.o
 .note.GNU-stack
                0x0000000000000000        0x0 binaries/strncmp.o
 .note.GNU-stack
                0x0000000000000000        0x0 binaries/strncpy.o
 .note.GNU-stack
                0x0000000000000000        0x0 binaries/strnlen.o
 .note.GNU-stack
                0x0000000000000000        0x0 binaries/strrchr.o
 .note.GNU-stack
                0x0000000000000000        0x0 binaries/strstr.o
 .note.GNU-stack
                0x0000000000000000        0x0 binaries/ttycontrol.o
 .note.GNU-stack
                0x0000000000000000        0x0 binaries/ttygetc.o
 .note.GNU-stack
                0x0000000000000000        0x0 binaries/ttyhandle_in.o
 .note.GNU-stack
                0x0000000000000000        0x0 binaries/ttyhandle_out.o
 .note.GNU-stack
                0x0000000000000000        0x0 binaries/ttyhandler.o
 .note.GNU-stack
                0x0000000000000000        0x0 binaries/ttyinit.o
 .note.GNU-stack
                0x0000000000000000        0x0 binaries/ttykickout.o
 .note.GNU-stack
                0x0000000000000000        0x0 binaries/ttyputc.o
 .note.GNU-stack
                0x0000000000000000        0x0 binaries/ttyread.o
 .note.GNU-stack
                0x0000000000000000        0x0 binaries/ttywrite.o
 .note.GNU-stack
                0x0000000000000000        0x0 binaries/mount.o
 .note.GNU-stack
                0x0000000000000000        0x0 binaries/naminit.o
 .note.GNU-stack
                0x0000000000000000        0x0 binaries/nammap.o
 .note.GNU-stack
                0x0000000000000000        0x0 binaries/namopen.o
 .note.GNU-stack
                0x0000000000000000        0x0 binaries/colon2mac.o
 .note.GNU-stack
                0x0000000000000000        0x0 binaries/ethcontrol.o
 .note.GNU-stack
                0x0000000000000000        0x0 binaries/ethhandler.o
 .note.GNU-stack
                0x0000000000000000        0x0 binaries/ethinit.o
 .note.GNU-stack
                0x0000000000000000        0x0 binaries/ethmcast.o
 .note.GNU-stack
                0x0000000000000000        0x0 binaries/ethread.o
 .note.GNU-stack
                0x0000000000000000        0x0 binaries/ethwrite.o
 .note.GNU-stack
                0x0000000000000000        0x0 binaries/rdsbufalloc.o
 .note.GNU-stack
                0x0000000000000000        0x0 binaries/rdsclose.o
 .note.GNU-stack
                0x0000000000000000        0x0 binaries/rdscomm.o
 .note.GNU-stack
                0x0000000000000000        0x0 binaries/rdscontrol.o
 .note.GNU-stack
                0x0000000000000000        0x0 binaries/rdsinit.o
 .note.GNU-stack
                0x0000000000000000        0x0 binaries/rdsopen.o
 .note.GNU-stack
                0x0000000000000000        0x0 binaries/rdsprocess.o
 .note.GNU-stack
                0x0000000000000000        0x0 binaries/rdsread.o
 .note.GNU-stack
                0x0000000000000000        0x0 binaries/rdswrite.o
 .note.GNU-stack
                0x0000000000000000        0x0 binaries/ramclose.o
 .note.GNU-stack
                0x0000000000000000        0x0 binaries/raminit.o
 .note.GNU-stack
                0x0000000000000000        0x0 binaries/ramopen.o
 .note.GNU-stack
                0x0000000000000000        0x0 binaries/ramread.o
 .note.GNU-stack
                0x0000000000000000        0x0 binaries/ramwrite.o
 .note.GNU-stack
                0x0000000000000000        0x0 binaries/lfdballoc.o
 .note.GNU-stack
                0x0000000000000000        0x0 binaries/lfdbfree.o
 .note.GNU-stack
                0x0000000000000000        0x0 binaries/lfflush.o
 .note.GNU-stack
                0x0000000000000000        0x0 binaries/lfgetmode.o
 .note.GNU-stack
                0x0000000000000000        0x0 binaries/lfiballoc.o
 .note.GNU-stack
                0x0000000000000000        0x0 binaries/lfibclear.o
 .note.GNU-stack
                0x0000000000000000        0x0 binaries/lfibget.o
 .note.GNU-stack
                0x0000000000000000        0x0 binaries/lfibput.o
 .note.GNU-stack
                0x0000000000000000        0x0 binaries/lflclose.o
 .note.GNU-stack
                0x0000000000000000        0x0 binaries/lflcontrol.o
 .note.GNU-stack
                0x0000000000000000        0x0 binaries/lflgetc.o
 .note.GNU-stack
                0x0000000000000000        0x0 binaries/lflinit.o
 .note.GNU-stack
                0x0000000000000000        0x0 binaries/lflputc.o
 .note.GNU-stack
                0x0000000000000000        0x0 binaries/lflread.o
 .note.GNU-stack
                0x0000000000000000        0x0 binaries/lflseek.o
 .note.GNU-stack
                0x0000000000000000        0x0 binaries/lflwrite.o
 .note.GNU-stack
                0x0000000000000000        0x0 binaries/lfsckfmt.o
 .note.GNU-stack
                0x0000000000000000        0x0 binaries/lfscreate.o
 .note.GNU-stack
                0x0000000000000000        0x0 binaries/lfsetup.o
 .note.GNU-stack
                0x0000000000000000        0x0 binaries/lfsinit.o
 .note.GNU-stack
                0x0000000000000000        0x0 binaries/lfsopen.o
 .note.GNU-stack
                0x0000000000000000        0x0 binaries/lftruncate.o
 .note.GNU-stack
                0x0000000000000000        0x0 binaries/rflclose.o
 .note.GNU-stack
                0x0000000000000000        0x0 binaries/rflgetc.o
 .note.GNU-stack
                0x0000000000000000        0x0 binaries/rflinit.o
 .note.GNU-stack
                0x0000000000000000        0x0 binaries/rflputc.o
 .note.GNU-stack
                0x0000000000000000        0x0 binaries/rflread.o
 .note.GNU-stack
                0x0000000000000000        0x0 binaries/rflseek.o
 .note.GNU-stack
                0x0000000000000000        0x0 binaries/rflwrite.o
 .note.GNU-stack
                0x0000000000000000        0x0 binaries/rfscomm.o
 .note.GNU-stack
                0x0000000000000000        0x0 binaries/rfscontrol.o
 .note.GNU-stack
                0x0000000000000000        0x0 binaries/rfsgetmode.o
 .note.GNU-stack
                0x0000000000000000        0x0 binaries/rfsinit.o
 .note.GNU-stack
                0x0000000000000000        0x0 binaries/rfsndmsg.o
 .note.GNU-stack
                0x0000000000000000        0x0 binaries/rfsopen.o
 .note.GNU-stack
                0x0000000000000000        0x0 binaries/arp.o
 .note.GNU-stack
                0x0000000000000000        0x0 binaries/dhcp.o
 .note.GNU-stack
                0x0000000000000000        0x0 binaries/dot2ip.o
 .note.GNU-stack
                0x0000000000000000        0x0 binaries/hexdump.o
 .note.GNU-stack
                0x0000000000000000        0x0 binaries/icmp.o
 .note.GNU-stack
                0x0000000000000000        0x0 binaries/ip.o
 .note.GNU-stack
                0x0000000000000000        0x0 binaries/net.o
 .note.GNU-stack
                0x0000000000000000        0x0 binaries/netstart.o
 .note.GNU-stack
                0x0000000000000000        0x0 binaries/pdump.o
 .note.GNU-stack
                0x0000000000000000        0x0 binaries/tftp.o
 .note.GNU-stack
                0x0000000000000000        0x0 binaries/udp.o
 .note.GNU-stack
                0x0000000000000000        0x0 binaries/addargs.o
 .note.GNU-stack
                0x0000000000000000        0x0 binaries/lexan.o
 .note.GNU-stack
                0x0000000000000000        0x0 binaries/shell.o
 .note.GNU-stack
                0x0000000000000000        0x0 binaries/xsh_argecho.o
 .note.GNU-stack
                0x0000000000000000        0x0 binaries/xsh_arp.o
 .note.GNU-stack
                0x0000000000000000        0x0 binaries/xsh_cat.o
 .note.GNU-stack
                0x0000000000000000        0x0 binaries/xsh_clear.o
 .note.GNU-stack
                0x0000000000000000        0x0 binaries/xsh_date.o
 .note.GNU-stack
                0x0000000000000000        0x0 binaries/xsh_devdump.o
 .note.GNU-stack
                0x0000000000000000        0x0 binaries/xsh_echo.o
 .note.GNU-stack
                0x0000000000000000        0x0 binaries/xsh_exit.o
 .note.GNU-stack
                0x0000000000000000        0x0 binaries/xsh_help.o
 .note.GNU-stack
                0x0000000000000000        0x0 binaries/xsh_ipaddr.o
 .note.GNU-stack
                0x0000000000000000        0x0 binaries/xsh_kill.o
 .note.GNU-stack
                0x0000000000000000        0x0 binaries/xsh_memdump.o
 .note.GNU-stack
                0x0000000000000000        0x0 binaries/xsh_memstat.o
 .note.GNU-stack
                0x0000000000000000        0x0 binaries/xsh_ping.o
 .note.GNU-stack
                0x0000000000000000        0x0 binaries/xsh_ps.o
 .note.GNU-stack
                0x0000000000000000        0x0 binaries/xsh_sleep.o
 .note.GNU-stack
                0x0000000000000000        0x0 binaries/xsh_udpdump.o
 .note.GNU-stack
                0x0000000000000000        0x0 binaries/xsh_udpecho.o
 .note.GNU-stack
                0x0000000000000000        0x0 binaries/xsh_udpeserver.o
 .note.GNU-stack
                0x0000000000000000        0x0 binaries/xsh_uptime.o
